../Drivers/CMSIS/Include/core_cm4.h:1688:22:__NVIC_EnableIRQ	16	static
../Drivers/CMSIS/Include/core_cm4.h:1816:22:__NVIC_SetPriority	16	static
../Core/Src/main.c:77:5:main	8	static
../Core/Src/main.c:120:6:SystemClock_Config	72	static
../Core/Src/main.c:157:13:MX_GPIO_Init	32	static
../Core/Src/main.c:178:6:Timer2_Init	8	static
../Core/Src/main.c:201:6:Channel3_Init	4	static
../Core/Src/main.c:222:6:Servo_PWM_Config	4	static
../Core/Src/main.c:246:6:TIM2_IRQHandler	8	static
../Core/Src/main.c:280:6:Set_Rotation_Level	24	static
../Core/Src/main.c:291:6:Error_Handler	4	static,ignoring_inline_asm
