../Drivers/CMSIS/Include/core_cm4.h:1816:22:__NVIC_SetPriority	16	static
../Core/Src/main.c:83:5:main	16	static
../Core/Src/main.c:169:6:SystemClock_Config	72	static
../Core/Src/main.c:209:6:SysTick_Init	8	static
../Core/Src/main.c:231:6:SysTick_LED	4	static
../Core/Src/main.c:264:6:SysTick_Button	4	static
../Core/Src/main.c:288:6:SysTick_Handler	4	static
../Core/Src/main.c:309:6:DelayMS	16	static
../Core/Src/main.c:325:6:ResetLED	16	static
../Core/Src/main.c:339:6:SwitchLED	16	static
../Core/Src/main.c:358:10:ButtonPressed	24	static
../Core/Src/main.c:380:6:ToggleOutputMode	24	static
../Core/Src/main.c:402:6:SweepA	16	static
../Core/Src/main.c:438:6:SweepB	24	static
../Core/Src/main.c:474:6:Error_Handler	4	static,ignoring_inline_asm
