../Drivers/CMSIS/Include/core_cm4.h:1688:22:__NVIC_EnableIRQ	16	static
../Drivers/CMSIS/Include/core_cm4.h:1816:22:__NVIC_SetPriority	16	static
../Core/Src/main.c:120:5:main	16	static
../Core/Src/main.c:184:6:SystemClock_Config	160	static
../Core/Src/main.c:227:13:MX_USART2_UART_Init	8	static
../Core/Src/main.c:260:13:MX_GPIO_Init	48	static
../Core/Src/main.c:298:6:LEDsetup	4	static
../Core/Src/main.c:329:6:ButtonSetup	4	static
../Core/Src/main.c:351:6:SysTick_Init	8	static
../Core/Src/main.c:372:6:SysConfig_Enabler	4	static
../Core/Src/main.c:384:6:EXTI_Config	8	static
../Core/Src/main.c:410:6:SysTick_Handler	4	static
../Core/Src/main.c:428:10:millis	4	static
../Core/Src/main.c:438:6:ResetInterrupt1	4	static
../Core/Src/main.c:450:6:ResetInterrupt2	4	static
../Core/Src/main.c:462:6:EXTI9_5_IRQHandler	8	static
../Core/Src/main.c:521:6:Button_1_Interrupt_Handler	8	static
../Core/Src/main.c:562:6:Button_2_Interrupt_Handler	8	static
../Core/Src/main.c:606:10:ButtonPressed	24	static
../Core/Src/main.c:624:6:ResetLED	16	static
../Core/Src/main.c:638:6:SwitchLED	16	static
../Core/Src/main.c:657:6:SweepA	24	static
../Core/Src/main.c:691:6:SweepB	32	static
../Core/Src/main.c:729:6:Error_Handler	4	static,ignoring_inline_asm
