../Drivers/CMSIS/Include/core_cm4.h:1688:22:__NVIC_EnableIRQ	16	static
../Drivers/CMSIS/Include/core_cm4.h:1816:22:__NVIC_SetPriority	16	static
../Core/Src/main.c:113:5:main	8	static
../Core/Src/main.c:160:6:SystemClock_Config	160	static
../Core/Src/main.c:205:13:MX_USART1_UART_Init	8	static
../Core/Src/main.c:238:13:MX_USART3_UART_Init	8	static
../Core/Src/main.c:271:13:MX_GPIO_Init	16	static
../Core/Src/main.c:290:6:LEDsetup	4	static
../Core/Src/main.c:313:6:ButtonSetup	4	static
../Core/Src/main.c:335:6:SysTick_Init	8	static
../Core/Src/main.c:356:6:SysConfig_Enabler	4	static
../Core/Src/main.c:368:6:EXTI_Config	8	static
../Core/Src/main.c:394:6:SysTick_Handler	4	static
../Core/Src/main.c:412:10:millis	4	static
../Core/Src/main.c:422:6:ResetAInterrupt	4	static
../Core/Src/main.c:434:6:ResetBInterrupt	4	static
../Core/Src/main.c:446:6:EXTI9_5_IRQHandler	8	static
../Core/Src/main.c:504:6:Btn_A_Intrpt_Handler	8	static
../Core/Src/main.c:545:6:Btn_B_Intrpt_Handler	8	static
../Core/Src/main.c:589:10:ButtonPressed	24	static
../Core/Src/main.c:607:6:ResetLED	16	static
../Core/Src/main.c:621:6:SwitchLED	16	static
../Core/Src/main.c:634:6:Error_Handler	4	static,ignoring_inline_asm
