../Drivers/CMSIS/Include/core_cm4.h:1688:22:__NVIC_EnableIRQ	16	static
../Drivers/CMSIS/Include/core_cm4.h:1816:22:__NVIC_SetPriority	16	static
../Core/Src/main.c:72:5:main	8	static
../Core/Src/main.c:115:6:SystemClock_Config	72	static
../Core/Src/main.c:152:13:MX_GPIO_Init	32	static
../Core/Src/main.c:173:6:Timer2_Init	8	static
../Core/Src/main.c:196:6:Channel2_Init	4	static
../Core/Src/main.c:217:6:LED_Alternate_Config	4	static
../Core/Src/main.c:241:6:TIM2_IRQHandler	4	static
../Core/Src/main.c:276:6:Error_Handler	4	static,ignoring_inline_asm
