../Core/Src/main.c:120:5:main	40	static
../Core/Src/main.c:193:6:SystemClock_Config	160	static
../Core/Src/main.c:237:13:MX_USART1_UART_Init	8	static
../Core/Src/main.c:270:13:MX_USART2_UART_Init	8	static
../Core/Src/main.c:303:13:MX_GPIO_Init	16	static
../Core/Src/main.c:313:8:myPID	48	static
../Core/Src/main.c:347:5:getDistance	4	static
../Core/Src/main.c:351:6:Clocks_Init	4	static
../Core/Src/main.c:356:6:Servos_Init	8	static
../Core/Src/main.c:372:6:TIM2_Init	4	static
../Core/Src/main.c:390:6:Echo_Init	8	static
../Core/Src/main.c:398:6:TIM4_Init	4	static
../Core/Src/main.c:427:6:Trigger_Init	8	static
../Core/Src/main.c:435:6:TIM3_Init	4	static
../Core/Src/main.c:453:6:resetRobot	8	static
../Core/Src/main.c:465:6:turnRight	8	static
../Core/Src/main.c:472:6:turnLeft	8	static
../Core/Src/main.c:479:6:stopRobot	4	static
../Core/Src/main.c:484:6:goRobotGo	4	static
../Core/Src/main.c:489:6:reverseRobot	8	static
../Core/Src/main.c:505:6:HAL_TIM_PeriodElapsedCallback	16	static
../Core/Src/main.c:521:6:Error_Handler	4	static,ignoring_inline_asm
